Microchip MPLAB XC8 Compiler V2.32

Linker command line:

-W-3 --edf=C:\Program Files\Microchip\xc8\v2.32\pic\dat\en_msgs.txt -cn \
  -h+dist/default/production\projeto_final_parte1.X.production.sym \
  --cmf=dist/default/production\projeto_final_parte1.X.production.cmf -z \
  -Q18F4520 -oC:\Users\renato\AppData\Local\Temp\xcAs6vk.4 \
  --defsym=__MPLAB_BUILD=1 \
  -Mdist/default/production/projeto_final_parte1.X.production.map -E1 \
  -ver=XC8 Compiler --acfsm=1493 -ASTACK=080h-05FFh -pstack=STACK \
  -ACODE=00h-07FFFh -ACONST=00h-07FFFh -ASMALLCONST=0600h-06FFhx122 \
  -AMEDIUMCONST=0600h-07FFFh -ACOMRAM=01h-07Fh -AABS1=00h-05FFh \
  -ABIGRAM=01h-05FFh -ARAM=080h-0FFh,0100h-01FFhx5 -ABANK0=080h-0FFh \
  -ABANK1=0100h-01FFh -ABANK2=0200h-02FFh -ABANK3=0300h-03FFh \
  -ABANK4=0400h-04FFh -ABANK5=0500h-05FFh -ASFR=0F80h-0FFFh \
  -ACONFIG=0300000h-030000Dh -AIDLOC=0200000h-0200007h \
  -AEEDATA=0F00000h-0F000FFh -peeprom_data=EEDATA \
  -preset_vec=00h,intcode,intcodelo,powerup,init -pramtop=0600h \
  -psmallconst=SMALLCONST -pmediumconst=MEDIUMCONST -pconst=CONST \
  -AFARRAM=00h-00h \
  -prdata=COMRAM,nvrram=COMRAM,nvbit=COMRAM,rbss=COMRAM,rbit=COMRAM \
  -pfarbss=FARRAM,fardata=FARRAM,nvFARRAM=FARRAM \
  -pintsave_regs=BIGRAM,bigbss=BIGRAM,bigdata=BIGRAM -pbss=RAM \
  -pidata=CODE,irdata=CODE,ibigdata=CODE,ifardata=CODE -prparam=COMRAM \
  C:\Users\renato\AppData\Local\Temp\xcAs6vk.o \
  dist/default/production\projeto_final_parte1.X.production.o 

Object code version is 3.11

Machine type is 18F4520



                Name                               Link     Load   Length Selector   Space Scale
C:\Users\renato\AppData\Local\Temp\xcAs6vk.o
                idloc                            200000   200000        8        0       5
                config                           300000   300000        E        0       4
                init                                  0        0        4        0       0
dist/default/production\projeto_final_parte1.X.production.o
                idloc                            200000   200000        8        0       5
                config                           300000   300000        E        0       4
                smallconst                          600      600       12      300       0
                text14                              F26      F26      17A      309       0
                text13                             141C     141C       16      9A5       0
                text12                             1404     1404       18      9A5       0
                text11                             13E8     13E8       1C      9A5       0
                text10                              9DC      9DC      3CA      309       0
                text9                              1158     1158       7E      309       0
                text8                              12A8     12A8       54      309       0
                text7                              134A     134A       3E      9A5       0
                text6                              1432     1432        A      9A5       0
                text5                              10A0     10A0       B8      309       0
                text4                               DA6      DA6      180      309       0
                text3                               612      612      3CA      309       0
                text2                              11D6     11D6       78      309       0
                text1                              124E     124E       5A      309       0
                text0                              13BE     13BE       2A      9A5       0
                cstackCOMRAM                         67       67        E        1       1
                dataCOMRAM                            1        1       4D        1       1
                bssCOMRAM                            4E       4E       19        1       1
                cinit                              1388     1388       36      9A5       0
                idataCOMRAM                        12FC     12FC       4D      309       0

TOTAL           Name                               Link     Load   Length     Space
        CLASS   STACK          

        CLASS   CODE           
                init                                  0        0        4         0
                text14                              F26      F26      17A         0
                text13                             141C     141C       16         0
                text12                             1404     1404       18         0
                text11                             13E8     13E8       1C         0
                text10                              9DC      9DC      3CA         0
                text9                              1158     1158       7E         0
                text8                              12A8     12A8       54         0
                text7                              134A     134A       3E         0
                text6                              1432     1432        A         0
                text5                              10A0     10A0       B8         0
                text4                               DA6      DA6      180         0
                text3                               612      612      3CA         0
                text2                              11D6     11D6       78         0
                text1                              124E     124E       5A         0
                text0                              13BE     13BE       2A         0
                cinit                              1388     1388       36         0
                idataCOMRAM                        12FC     12FC       4D         0

        CLASS   CONST          

        CLASS   SMALLCONST     
                smallconst                          600      600       12         0

        CLASS   MEDIUMCONST    

        CLASS   COMRAM         
                cstackCOMRAM                         67       67        E         1
                dataCOMRAM                            1        1       4D         1
                bssCOMRAM                            4E       4E       19         1

        CLASS   ABS1           

        CLASS   BIGRAM         

        CLASS   RAM            

        CLASS   BANK0          

        CLASS   BANK1          

        CLASS   BANK2          

        CLASS   BANK3          

        CLASS   BANK4          

        CLASS   BANK5          

        CLASS   SFR            

        CLASS   CONFIG         
                config                           300000   300000        E         4

        CLASS   IDLOC          
                idloc                            200000   200000        8         5

        CLASS   EEDATA         

        CLASS   FARRAM         



SEGMENTS        Name                           Load    Length   Top    Selector   Space  Class

                reset_vec                      000000  000004  000004         0       0  CODE    
                dataCOMRAM                     000001  000074  000075         1       1  COMRAM  
                smallconst                     000600  000012  000612       300       0  SMALLCON
                text3                          000612  000D37  001349       309       0  CODE    
                text7                          00134A  0000F2  00143C       9A5       0  CODE    


UNUSED ADDRESS RANGES

        Name                Unused          Largest block    Delta
        BANK0            000080-0000FF               80
        BANK1            000100-0001FF              100
        BANK2            000200-0002FF              100
        BANK3            000300-0003FF              100
        BANK4            000400-0004FF              100
        BANK5            000500-0005FF              100
        BIGRAM           000075-0005FF              58B
        CODE             000004-0005FF              5FC
                         001349-001349                1
                         00143C-007FFF             6BC4
        COMRAM           000075-00007F                B
        CONST            000004-0005FF              5FC
                         001349-001349                1
                         00143C-007FFF             6BC4
        EEDATA           F00000-F000FF              100
        MEDIUMCONST      001349-001349                1
                         00143C-007FFF             6BC4
        RAM              000080-0005FF              100
        SFR              000F80-000FFF               80
        SMALLCONST       001349-001349                1
                         00143C-007FFF              100
        STACK            000080-0005FF              580

                                  Symbol Table

?_kpRead                 cstackCOMRAM 000067
Delay2ms@i               cstackCOMRAM 000068
Delay40us@i              cstackCOMRAM 000067
_ADCON0                  (abs)        000FC2
_ADCON1                  (abs)        000FC1
_ADCON2                  (abs)        000FC0
_ADRESH                  (abs)        000FC4
_ADRESL                  (abs)        000FC3
_Delay2ms                text11       0013E8
_Delay40us               text12       001404
_PORTA                   (abs)        000F80
_PORTB                   (abs)        000F81
_PORTC                   (abs)        000F82
_PORTD                   (abs)        000F83
_PORTE                   (abs)        000F84
_TRISA                   (abs)        000F92
_TRISB                   (abs)        000F93
_TRISC                   (abs)        000F94
_TRISD                   (abs)        000F95
_TRISE                   (abs)        000F96
__HRAM                   (abs)        000000
__Habs1                  abs1         000000
__Hbank0                 bank0        000000
__Hbank1                 bank1        000000
__Hbank2                 bank2        000000
__Hbank3                 bank3        000000
__Hbank4                 bank4        000000
__Hbank5                 bank5        000000
__Hbigbss                bigbss       000000
__Hbigdata               bigdata      000000
__Hbigram                bigram       000000
__Hbss                   bss          000000
__HbssCOMRAM             bssCOMRAM    000000
__Hcinit                 cinit        000000
__Hclrtext               clrtext      000000
__Hcomram                comram       000000
__Hconfig                config       30000E
__Hconst                 const        000000
__HcstackCOMRAM          cstackCOMRAM 000000
__Hdata                  data         000000
__HdataCOMRAM            dataCOMRAM   000000
__Heeprom_data           eeprom_data  000000
__Hfarbss                farbss       000000
__Hfardata               fardata      000000
__Hibigdata              ibigdata     000000
__Hidata                 idata        000000
__HidataCOMRAM           idataCOMRAM  000000
__Hidloc                 idloc        200008
__Hifardata              ifardata     000000
__Hinit                  init         000004
__Hintcode               intcode      000000
__Hintcode_body          intcode_body 000000
__Hintcodelo             intcodelo    000000
__Hintentry              intentry     000000
__Hintret                intret       000000
__Hintsave_regs          intsave_regs 000000
__Hirdata                irdata       000000
__Hmediumconst           mediumconst  000000
__HnvFARRAM              nvFARRAM     000000
__Hnvbit                 nvbit        000000
__Hnvrram                nvrram       000000
__Hparam                 rparam       000000
__Hpowerup               powerup      000000
__Hram                   ram          000000
__Hramtop                ramtop       000600
__Hrbit                  rbit         000000
__Hrbss                  rbss         000000
__Hrdata                 rdata        000000
__Hreset_vec             reset_vec    000000
__Hrparam                rparam       000000
__Hsfr                   sfr          000000
__Hsmallconst            smallconst   000612
__Hspace_0               (abs)        00143C
__Hspace_1               (abs)        000075
__Hspace_2               (abs)        000000
__Hspace_4               (abs)        60000E
__Hstack                 stack        000000
__Hstruct                struct       000000
__Htemp                  temp         000000
__Htext                  text         000000
__Htext0                 text0        000000
__Htext1                 text1        000000
__Htext10                text10       000000
__Htext11                text11       000000
__Htext12                text12       000000
__Htext13                text13       000000
__Htext14                text14       000000
__Htext2                 text2        000000
__Htext3                 text3        000000
__Htext4                 text4        000000
__Htext5                 text5        000000
__Htext6                 text6        000000
__Htext7                 text7        000000
__Htext8                 text8        000000
__Htext9                 text9        000000
__LRAM                   (abs)        000001
__Labs1                  abs1         000000
__Lbank0                 bank0        000000
__Lbank1                 bank1        000000
__Lbank2                 bank2        000000
__Lbank3                 bank3        000000
__Lbank4                 bank4        000000
__Lbank5                 bank5        000000
__Lbigbss                bigbss       000000
__Lbigdata               bigdata      000000
__Lbigram                bigram       000000
__Lbss                   bss          000000
__LbssCOMRAM             bssCOMRAM    000000
__Lcinit                 cinit        000000
__Lclrtext               clrtext      000000
__Lcomram                comram       000000
__Lconfig                config       000000
__Lconst                 const        000000
__LcstackCOMRAM          cstackCOMRAM 000000
__Ldata                  data         000000
__LdataCOMRAM            dataCOMRAM   000000
__Leeprom_data           eeprom_data  000000
__Lfarbss                farbss       000000
__Lfardata               fardata      000000
__Libigdata              ibigdata     000000
__Lidata                 idata        000000
__LidataCOMRAM           idataCOMRAM  000000
__Lidloc                 idloc        000000
__Lifardata              ifardata     000000
__Linit                  init         000000
__Lintcode               intcode      000000
__Lintcode_body          intcode_body 000000
__Lintcodelo             intcodelo    000000
__Lintentry              intentry     000000
__Lintret                intret       000000
__Lintsave_regs          intsave_regs 000000
__Lirdata                irdata       000000
__Lmediumconst           mediumconst  000000
__LnvFARRAM              nvFARRAM     000000
__Lnvbit                 nvbit        000000
__Lnvrram                nvrram       000000
__Lparam                 rparam       000000
__Lpowerup               powerup      000000
__Lram                   ram          000000
__Lramtop                ramtop       000600
__Lrbit                  rbit         000000
__Lrbss                  rbss         000000
__Lrdata                 rdata        000000
__Lreset_vec             reset_vec    000000
__Lrparam                rparam       000000
__Lsfr                   sfr          000000
__Lsmallconst            smallconst   000600
__Lspace_0               (abs)        000000
__Lspace_1               (abs)        000000
__Lspace_2               (abs)        000000
__Lspace_4               (abs)        000000
__Lstack                 stack        000000
__Lstruct                struct       000000
__Ltemp                  temp         000000
__Ltext                  text         000000
__Ltext0                 text0        000000
__Ltext1                 text1        000000
__Ltext10                text10       000000
__Ltext11                text11       000000
__Ltext12                text12       000000
__Ltext13                text13       000000
__Ltext14                text14       000000
__Ltext2                 text2        000000
__Ltext3                 text3        000000
__Ltext4                 text4        000000
__Ltext5                 text5        000000
__Ltext6                 text6        000000
__Ltext7                 text7        000000
__Ltext8                 text8        000000
__Ltext9                 text9        000000
__S0                     (abs)        00143C
__S1                     (abs)        000075
__S2                     (abs)        000000
__S4                     (abs)        000000
__S5                     (abs)        000000
___inthi_sp              stack        000000
___intlo_sp              stack        000000
___param_bank            (abs)        000000
___rparam_used           (abs)        000001
___sp                    stack        000000
__accesstop              (abs)        000080
__activetblptr           (abs)        000002
__end_of_Delay2ms        text11       001404
__end_of_Delay40us       text12       00141C
__end_of__initialization cinit        0013B4
__end_of_digitalWrite    text10       000DA6
__end_of_inicializacao   text4        000F26
__end_of_kpDebounce      text14       0010A0
__end_of_kpInit          text13       001432
__end_of_kpRead          text6        00143C
__end_of_lcdCommand      text9        0011D6
__end_of_lcdData         text8        0012FC
__end_of_lcdInit         text2        00124E
__end_of_liga_sistema    text1        0012A8
__end_of_main            text0        0013E8
__end_of_mensagemLCD     text7        001388
__end_of_pinMode         text3        0009DC
__end_of_teclas          text5        001158
__end_of_valor@ssd$F211  smallconst   000611
__initialization         cinit        001388
__mediumconst            mediumconst  000000
__pbssCOMRAM             bssCOMRAM    00004E
__pcinit                 cinit        001388
__pcstackCOMRAM          cstackCOMRAM 000067
__pdataCOMRAM            dataCOMRAM   000001
__pidataCOMRAM           idataCOMRAM  0012FC
__psmallconst            smallconst   000600
__ptext0                 text0        0013BE
__ptext1                 text1        00124E
__ptext10                text10       0009DC
__ptext11                text11       0013E8
__ptext12                text12       001404
__ptext13                text13       00141C
__ptext14                text14       000F26
__ptext2                 text2        0011D6
__ptext3                 text3        000612
__ptext4                 text4        000DA6
__ptext5                 text5        0010A0
__ptext6                 text6        001432
__ptext7                 text7        00134A
__ptext8                 text8        0012A8
__ptext9                 text9        001158
__ramtop                 ramtop       000600
__size_of_Delay2ms       (abs)        000000
__size_of_Delay40us      (abs)        000000
__size_of_digitalWrite   (abs)        000000
__size_of_inicializacao  (abs)        000000
__size_of_kpDebounce     (abs)        000000
__size_of_kpInit         (abs)        000000
__size_of_kpRead         (abs)        000000
__size_of_lcdCommand     (abs)        000000
__size_of_lcdData        (abs)        000000
__size_of_lcdInit        (abs)        000000
__size_of_liga_sistema   (abs)        000000
__size_of_main           (abs)        000000
__size_of_mensagemLCD    (abs)        000000
__size_of_pinMode        (abs)        000000
__size_of_teclas         (abs)        000000
__smallconst             smallconst   000600
_digitalWrite            text10       0009DC
_display                 bssCOMRAM    000065
_inicializacao           text4        000DA6
_kpDebounce              text14       000F26
_kpInit                  text13       00141C
_kpRead                  text6        001432
_lcdCommand              text9        001158
_lcdData                 text8        0012A8
_lcdInit                 text2        0011D6
_liga_sistema            text1        00124E
_main                    text0        0013BE
_mensagemLCD             text7        00134A
_pinMode                 text3        000612
_teclas                  text5        0010A0
_v0                      bssCOMRAM    000064
_v1                      bssCOMRAM    000063
_v2                      bssCOMRAM    000062
_v3                      bssCOMRAM    000061
_valor                   bssCOMRAM    00005A
_valor@ssd$F211          smallconst   000601
digitalWrite@pin         cstackCOMRAM 000067
digitalWrite@value       cstackCOMRAM 000069
emergencia@F2420         dataCOMRAM   000001
end_of_initialization    cinit        0013B4
inicializacao@cont       bssCOMRAM    00005C
inicializacao@digito     bssCOMRAM    00005F
inicializacao@entrada    bssCOMRAM    00004E
inicializacao@i          bssCOMRAM    00005D
inicializacao@j          bssCOMRAM    00005E
inicializacao@msg        dataCOMRAM   000020
inicializacao@msg_2      dataCOMRAM   000030
inicializacao@senha      dataCOMRAM   000019
inicializacao@temp       bssCOMRAM    000054
intlevel0                text         000000
intlevel1                text         000000
intlevel2                text         000000
intlevel3                text         000000
isa$std                  (abs)        000001
isa$xinst                (abs)        000000
kpDebounce@i             cstackCOMRAM 000070
kpDebounce@j             cstackCOMRAM 00006F
kpDebounce@k             cstackCOMRAM 00006D
kpDebounce@old_D         cstackCOMRAM 00006C
kpDebounce@tempo         bssCOMRAM    000066
kpDebounce@valorAntigo   bssCOMRAM    000056
kpDebounce@valorNovo     bssCOMRAM    000058
lcdCommand@cmd           cstackCOMRAM 00006E
lcdCommand@old_D         cstackCOMRAM 00006D
lcdData@old_D            cstackCOMRAM 00006E
lcdData@valor            cstackCOMRAM 00006D
liga_sistema@msg         dataCOMRAM   00003F
main@estado              cstackCOMRAM 000074
mensagemLCD@i            cstackCOMRAM 000071
mensagemLCD@texto        cstackCOMRAM 00006F
pinMode@pin              cstackCOMRAM 000067
pinMode@type             cstackCOMRAM 000069
stackhi                  (abs)        0005FF
stacklo                  (abs)        000080
start                    init         000000
start_initialization     cinit        001388


MODULE INFORMATION

Module		Function		Class		Link	Load	Size
keypad.c
		_kpInit        		CODE           	141C	0000	22
		_teclas        		CODE           	10A0	0000	184
		_kpDebounce    		CODE           	0F26	0000	378
		_kpRead        		CODE           	1432	0000	10

keypad.c estimated size: 594

io.c
		_digitalWrite  		CODE           	09DC	0000	970
		_pinMode       		CODE           	0612	0000	970

io.c estimated size: 1940

estado_sistema.c
		_inicializacao 		CODE           	0DA6	0000	384
		_liga_sistema  		CODE           	124E	0000	90

estado_sistema.c estimated size: 474

shared
		_valor@ssd$F211		SMALLCONST     	0601	0000	16
		__initialization		CODE           	1388	0000	44

shared estimated size: 60

lcd.c
		_lcdCommand    		CODE           	1158	0000	126
		_mensagemLCD   		CODE           	134A	0000	62
		_Delay40us     		CODE           	1404	0000	24
		_lcdInit       		CODE           	11D6	0000	120
		_lcdData       		CODE           	12A8	0000	84
		_Delay2ms      		CODE           	13E8	0000	28

lcd.c estimated size: 444

main.c
		_main          		CODE           	13BE	0000	42

main.c estimated size: 42

